// Jest Snapshot v1, https://goo.gl/fbAQLP

exports[`<GridContent /> should render grid content 1`] = `
Object {
  "asFragment": [Function],
  "baseElement": .c3 {
  color: #0a1128;
  font-size: 6.4rem;
  text-transform: uppercase;
}

.c1 {
  max-width: 120rem;
  margin: 0 auto;
  padding: 3.2rem;
}

.c0 {
  background: #ffffff;
  color: #0a1128;
  min-height: 100vh;
  display: flex;
  align-items: center;
}

.c5 {
  font-size: 2.4rem;
}

.c2 {
  text-align: center;
  max-width: 58rem;
  margin: 0 auto;
}

.c4 {
  margin: 6.4rem 0;
}

@media (max-width: 768px) {
  .c3 {
    font-size: 4.0rem;
  }
}

<body>
    <div>
      <div
        class="c0"
      >
        <div
          class="c1"
        >
          <div
            class="c2"
          >
            <h1
              class="c3"
            >
              O título que eu quero
            </h1>
            <div
              class="c4"
            >
              <p
                class="c5"
              >
                <p>
                  <strong>
                    Pellentesque habitant morbi tristique
                  </strong>
                   senectus et netus et malesuada fames ac turpis egestas. Vestibulum tortor quam, feugiat vitae, ultricies eget, tempor sit amet, ante. Donec eu libero sit amet quam egestas semper. 
                  <em>
                    Aenean ultricies mi vitae est.
                  </em>
                   Mauris placerat eleifend leo. Quisque sit amet est et sapien ullamcorper pharetra. Vestibulum erat wisi, condimentum sed, 
                  <code>
                    commodo vitae
                  </code>
                  , ornare sit amet, wisi. Aenean fermentum, elit eget tincidunt condimentum, eros ipsum rutrum orci, sagittis tempus lacus enim ac dui. 
                  <a
                    href="#"
                  >
                    Donec non enim
                  </a>
                   in turpis pulvinar facilisis. Ut felis.
                </p>
                
  
                <h2>
                  Header Level 2
                </h2>
                
  
                <ol>
                  
     
                  <li>
                    Lorem ipsum dolor sit amet, consectetuer adipiscing elit.
                  </li>
                  
     
                  <li>
                    Aliquam tincidunt mauris eu risus.
                  </li>
                  
  
                </ol>
                
  
                <blockquote>
                  <p>
                    Lorem ipsum dolor sit amet, consectetur adipiscing elit. Vivamus magna. Cras in mi at felis aliquet congue. Ut a est eget ligula molestie gravida. Curabitur massa. Donec eleifend, libero at sagittis mollis, tellus est malesuada tellus, at luctus turpis elit sit amet quam. Vivamus pretium ornare est.
                  </p>
                </blockquote>
                
  
                <h3>
                  Header Level 3
                </h3>
                
  
                <ul>
                  
     
                  <li>
                    Lorem ipsum dolor sit amet, consectetuer adipiscing elit.
                  </li>
                  
     
                  <li>
                    Aliquam tincidunt mauris eu risus.
                  </li>
                  
  
                </ul>
                
  
                <pre>
                  <code>
                    
  #header h1 a {
    display: block;
    width: 300px;
    height: 80px;
  }
  
                  </code>
                </pre>
              </p>
            </div>
          </div>
        </div>
      </div>
    </div>
  </body>,
  "container": .c3 {
  color: #0a1128;
  font-size: 6.4rem;
  text-transform: uppercase;
}

.c1 {
  max-width: 120rem;
  margin: 0 auto;
  padding: 3.2rem;
}

.c0 {
  background: #ffffff;
  color: #0a1128;
  min-height: 100vh;
  display: flex;
  align-items: center;
}

.c5 {
  font-size: 2.4rem;
}

.c2 {
  text-align: center;
  max-width: 58rem;
  margin: 0 auto;
}

.c4 {
  margin: 6.4rem 0;
}

@media (max-width: 768px) {
  .c3 {
    font-size: 4.0rem;
  }
}

<div>
    <div
      class="c0"
    >
      <div
        class="c1"
      >
        <div
          class="c2"
        >
          <h1
            class="c3"
          >
            O título que eu quero
          </h1>
          <div
            class="c4"
          >
            <p
              class="c5"
            >
              <p>
                <strong>
                  Pellentesque habitant morbi tristique
                </strong>
                 senectus et netus et malesuada fames ac turpis egestas. Vestibulum tortor quam, feugiat vitae, ultricies eget, tempor sit amet, ante. Donec eu libero sit amet quam egestas semper. 
                <em>
                  Aenean ultricies mi vitae est.
                </em>
                 Mauris placerat eleifend leo. Quisque sit amet est et sapien ullamcorper pharetra. Vestibulum erat wisi, condimentum sed, 
                <code>
                  commodo vitae
                </code>
                , ornare sit amet, wisi. Aenean fermentum, elit eget tincidunt condimentum, eros ipsum rutrum orci, sagittis tempus lacus enim ac dui. 
                <a
                  href="#"
                >
                  Donec non enim
                </a>
                 in turpis pulvinar facilisis. Ut felis.
              </p>
              
  
              <h2>
                Header Level 2
              </h2>
              
  
              <ol>
                
     
                <li>
                  Lorem ipsum dolor sit amet, consectetuer adipiscing elit.
                </li>
                
     
                <li>
                  Aliquam tincidunt mauris eu risus.
                </li>
                
  
              </ol>
              
  
              <blockquote>
                <p>
                  Lorem ipsum dolor sit amet, consectetur adipiscing elit. Vivamus magna. Cras in mi at felis aliquet congue. Ut a est eget ligula molestie gravida. Curabitur massa. Donec eleifend, libero at sagittis mollis, tellus est malesuada tellus, at luctus turpis elit sit amet quam. Vivamus pretium ornare est.
                </p>
              </blockquote>
              
  
              <h3>
                Header Level 3
              </h3>
              
  
              <ul>
                
     
                <li>
                  Lorem ipsum dolor sit amet, consectetuer adipiscing elit.
                </li>
                
     
                <li>
                  Aliquam tincidunt mauris eu risus.
                </li>
                
  
              </ul>
              
  
              <pre>
                <code>
                  
  #header h1 a {
    display: block;
    width: 300px;
    height: 80px;
  }
  
                </code>
              </pre>
            </p>
          </div>
        </div>
      </div>
    </div>
  </div>,
  "debug": [Function],
  "findAllByAltText": [Function],
  "findAllByDisplayValue": [Function],
  "findAllByLabelText": [Function],
  "findAllByPlaceholderText": [Function],
  "findAllByRole": [Function],
  "findAllByTestId": [Function],
  "findAllByText": [Function],
  "findAllByTitle": [Function],
  "findByAltText": [Function],
  "findByDisplayValue": [Function],
  "findByLabelText": [Function],
  "findByPlaceholderText": [Function],
  "findByRole": [Function],
  "findByTestId": [Function],
  "findByText": [Function],
  "findByTitle": [Function],
  "getAllByAltText": [Function],
  "getAllByDisplayValue": [Function],
  "getAllByLabelText": [Function],
  "getAllByPlaceholderText": [Function],
  "getAllByRole": [Function],
  "getAllByTestId": [Function],
  "getAllByText": [Function],
  "getAllByTitle": [Function],
  "getByAltText": [Function],
  "getByDisplayValue": [Function],
  "getByLabelText": [Function],
  "getByPlaceholderText": [Function],
  "getByRole": [Function],
  "getByTestId": [Function],
  "getByText": [Function],
  "getByTitle": [Function],
  "queryAllByAltText": [Function],
  "queryAllByDisplayValue": [Function],
  "queryAllByLabelText": [Function],
  "queryAllByPlaceholderText": [Function],
  "queryAllByRole": [Function],
  "queryAllByTestId": [Function],
  "queryAllByText": [Function],
  "queryAllByTitle": [Function],
  "queryByAltText": [Function],
  "queryByDisplayValue": [Function],
  "queryByLabelText": [Function],
  "queryByPlaceholderText": [Function],
  "queryByRole": [Function],
  "queryByTestId": [Function],
  "queryByText": [Function],
  "queryByTitle": [Function],
  "rerender": [Function],
  "unmount": [Function],
}
`;

exports[`<GridContent /> should render grid content 2`] = `
Object {
  "asFragment": [Function],
  "baseElement": .c3 {
  color: #0a1128;
  font-size: 6.4rem;
  text-transform: uppercase;
}

.c1 {
  max-width: 120rem;
  margin: 0 auto;
  padding: 3.2rem;
}

.c0 {
  background: #ffffff;
  color: #0a1128;
  min-height: 100vh;
  display: flex;
  align-items: center;
}

.c5 {
  font-size: 2.4rem;
}

.c2 {
  text-align: center;
  max-width: 58rem;
  margin: 0 auto;
}

.c4 {
  margin: 6.4rem 0;
}

@media (max-width: 768px) {
  .c3 {
    font-size: 4.0rem;
  }
}

<body>
    <div>
      <div
        class="c0"
      >
        <div
          class="c1"
        >
          <div
            class="c2"
          >
            <h1
              class="c3"
            >
              O título que eu quero
            </h1>
            <div
              class="c4"
            >
              <p
                class="c5"
              >
                <p>
                  <strong>
                    Pellentesque habitant morbi tristique
                  </strong>
                   senectus et netus et malesuada fames ac turpis egestas. Vestibulum tortor quam, feugiat vitae, ultricies eget, tempor sit amet, ante. Donec eu libero sit amet quam egestas semper. 
                  <em>
                    Aenean ultricies mi vitae est.
                  </em>
                   Mauris placerat eleifend leo. Quisque sit amet est et sapien ullamcorper pharetra. Vestibulum erat wisi, condimentum sed, 
                  <code>
                    commodo vitae
                  </code>
                  , ornare sit amet, wisi. Aenean fermentum, elit eget tincidunt condimentum, eros ipsum rutrum orci, sagittis tempus lacus enim ac dui. 
                  <a
                    href="#"
                  >
                    Donec non enim
                  </a>
                   in turpis pulvinar facilisis. Ut felis.
                </p>
                
  
                <h2>
                  Header Level 2
                </h2>
                
  
                <ol>
                  
     
                  <li>
                    Lorem ipsum dolor sit amet, consectetuer adipiscing elit.
                  </li>
                  
     
                  <li>
                    Aliquam tincidunt mauris eu risus.
                  </li>
                  
  
                </ol>
                
  
                <blockquote>
                  <p>
                    Lorem ipsum dolor sit amet, consectetur adipiscing elit. Vivamus magna. Cras in mi at felis aliquet congue. Ut a est eget ligula molestie gravida. Curabitur massa. Donec eleifend, libero at sagittis mollis, tellus est malesuada tellus, at luctus turpis elit sit amet quam. Vivamus pretium ornare est.
                  </p>
                </blockquote>
                
  
                <h3>
                  Header Level 3
                </h3>
                
  
                <ul>
                  
     
                  <li>
                    Lorem ipsum dolor sit amet, consectetuer adipiscing elit.
                  </li>
                  
     
                  <li>
                    Aliquam tincidunt mauris eu risus.
                  </li>
                  
  
                </ul>
                
  
                <pre>
                  <code>
                    
  #header h1 a {
    display: block;
    width: 300px;
    height: 80px;
  }
  
                  </code>
                </pre>
              </p>
            </div>
          </div>
        </div>
      </div>
    </div>
  </body>,
  "container": .c3 {
  color: #0a1128;
  font-size: 6.4rem;
  text-transform: uppercase;
}

.c1 {
  max-width: 120rem;
  margin: 0 auto;
  padding: 3.2rem;
}

.c0 {
  background: #ffffff;
  color: #0a1128;
  min-height: 100vh;
  display: flex;
  align-items: center;
}

.c5 {
  font-size: 2.4rem;
}

.c2 {
  text-align: center;
  max-width: 58rem;
  margin: 0 auto;
}

.c4 {
  margin: 6.4rem 0;
}

@media (max-width: 768px) {
  .c3 {
    font-size: 4.0rem;
  }
}

<div>
    <div
      class="c0"
    >
      <div
        class="c1"
      >
        <div
          class="c2"
        >
          <h1
            class="c3"
          >
            O título que eu quero
          </h1>
          <div
            class="c4"
          >
            <p
              class="c5"
            >
              <p>
                <strong>
                  Pellentesque habitant morbi tristique
                </strong>
                 senectus et netus et malesuada fames ac turpis egestas. Vestibulum tortor quam, feugiat vitae, ultricies eget, tempor sit amet, ante. Donec eu libero sit amet quam egestas semper. 
                <em>
                  Aenean ultricies mi vitae est.
                </em>
                 Mauris placerat eleifend leo. Quisque sit amet est et sapien ullamcorper pharetra. Vestibulum erat wisi, condimentum sed, 
                <code>
                  commodo vitae
                </code>
                , ornare sit amet, wisi. Aenean fermentum, elit eget tincidunt condimentum, eros ipsum rutrum orci, sagittis tempus lacus enim ac dui. 
                <a
                  href="#"
                >
                  Donec non enim
                </a>
                 in turpis pulvinar facilisis. Ut felis.
              </p>
              
  
              <h2>
                Header Level 2
              </h2>
              
  
              <ol>
                
     
                <li>
                  Lorem ipsum dolor sit amet, consectetuer adipiscing elit.
                </li>
                
     
                <li>
                  Aliquam tincidunt mauris eu risus.
                </li>
                
  
              </ol>
              
  
              <blockquote>
                <p>
                  Lorem ipsum dolor sit amet, consectetur adipiscing elit. Vivamus magna. Cras in mi at felis aliquet congue. Ut a est eget ligula molestie gravida. Curabitur massa. Donec eleifend, libero at sagittis mollis, tellus est malesuada tellus, at luctus turpis elit sit amet quam. Vivamus pretium ornare est.
                </p>
              </blockquote>
              
  
              <h3>
                Header Level 3
              </h3>
              
  
              <ul>
                
     
                <li>
                  Lorem ipsum dolor sit amet, consectetuer adipiscing elit.
                </li>
                
     
                <li>
                  Aliquam tincidunt mauris eu risus.
                </li>
                
  
              </ul>
              
  
              <pre>
                <code>
                  
  #header h1 a {
    display: block;
    width: 300px;
    height: 80px;
  }
  
                </code>
              </pre>
            </p>
          </div>
        </div>
      </div>
    </div>
  </div>,
  "debug": [Function],
  "findAllByAltText": [Function],
  "findAllByDisplayValue": [Function],
  "findAllByLabelText": [Function],
  "findAllByPlaceholderText": [Function],
  "findAllByRole": [Function],
  "findAllByTestId": [Function],
  "findAllByText": [Function],
  "findAllByTitle": [Function],
  "findByAltText": [Function],
  "findByDisplayValue": [Function],
  "findByLabelText": [Function],
  "findByPlaceholderText": [Function],
  "findByRole": [Function],
  "findByTestId": [Function],
  "findByText": [Function],
  "findByTitle": [Function],
  "getAllByAltText": [Function],
  "getAllByDisplayValue": [Function],
  "getAllByLabelText": [Function],
  "getAllByPlaceholderText": [Function],
  "getAllByRole": [Function],
  "getAllByTestId": [Function],
  "getAllByText": [Function],
  "getAllByTitle": [Function],
  "getByAltText": [Function],
  "getByDisplayValue": [Function],
  "getByLabelText": [Function],
  "getByPlaceholderText": [Function],
  "getByRole": [Function],
  "getByTestId": [Function],
  "getByText": [Function],
  "getByTitle": [Function],
  "queryAllByAltText": [Function],
  "queryAllByDisplayValue": [Function],
  "queryAllByLabelText": [Function],
  "queryAllByPlaceholderText": [Function],
  "queryAllByRole": [Function],
  "queryAllByTestId": [Function],
  "queryAllByText": [Function],
  "queryAllByTitle": [Function],
  "queryByAltText": [Function],
  "queryByDisplayValue": [Function],
  "queryByLabelText": [Function],
  "queryByPlaceholderText": [Function],
  "queryByRole": [Function],
  "queryByTestId": [Function],
  "queryByText": [Function],
  "queryByTitle": [Function],
  "rerender": [Function],
  "unmount": [Function],
}
`;
